2026-09-16 11:07:52,387 - INFO - Sistema iniciado.
2026-09-16 11:07:52,461 - INFO - PAGE_SIZE configurado: 100
2026-09-16 11:07:52,482 - INFO - Intervalo automático: 2 hora(s).
2026-09-16 11:07:56,821 - INFO - Testando API...
2026-09-16 11:07:57,224 - INFO - Erro API: API não autorizada. Status 403: {"Message":"User is not authorized to access this resource with an explicit deny in an identity-based policy"}

2026-09-16 11:07:57,240 - INFO - Testando SQL Server...
2026-09-16 11:07:57,592 - INFO - SQL Server conectado e tabelas verificadas.
2026-09-16 11:08:02,604 - INFO - Iniciando sincronização Mobi7...
2026-09-16 11:08:02,730 - INFO - Importando veículos...
2026-09-16 11:08:02,915 - INFO - ERRO GERAL: API não autorizada. Status 403: {"Message":"User is not authorized to access this resource with an explicit deny in an identity-based policy"}

2026-09-16 11:08:12,775 - INFO - Iniciando sincronização Mobi7...
2026-09-16 11:08:12,894 - INFO - Importando veículos...
2026-09-16 11:08:13,077 - INFO - ERRO GERAL: API não autorizada. Status 403: {"Message":"User is not authorized to access this resource with an explicit deny in an identity-based policy"}

2026-09-16 11:08:34,353 - INFO - Sistema iniciado.
2026-09-16 11:08:34,444 - INFO - PAGE_SIZE configurado: 100
2026-09-16 11:08:34,457 - INFO - Intervalo automático: 2 hora(s).
2026-09-16 11:08:37,252 - INFO - Testando API...
2026-09-16 11:08:41,154 - INFO - API conectada. Total de veículos: 53
2026-09-16 11:08:41,157 - INFO - Testando SQL Server...
2026-09-16 11:08:41,477 - INFO - SQL Server conectado e tabelas verificadas.
2026-09-16 11:08:44,574 - INFO - Iniciando sincronização Mobi7...
2026-09-16 11:08:44,696 - INFO - Importando veículos...
2026-09-16 11:08:48,085 - INFO - Veículos importados: 53
2026-09-16 11:08:48,102 - INFO - Veículo 1/53: 13001 - e99987eb-c239-4a84-be5b-fba29434aaae
2026-09-16 11:09:06,322 - INFO - Veículo 2/53: 13002 - 7d36c206-5365-41ec-9e41-768c8f322e98
2026-09-16 11:09:21,740 - INFO - Veículo 3/53: 13003 - f42041bd-3b7d-4c65-9520-71d75531c417
2026-09-16 11:09:37,026 - INFO - Veículo 4/53: 16H89628 - afe5df1b-c92c-4224-8e3f-7d5d2c227f03
2026-09-16 11:09:52,811 - INFO - Veículo 5/53: A-654995 - 8f7fb7a5-bd4d-49c5-8adf-faf7e0b0bd9e
2026-09-16 11:10:09,674 - INFO - Veículo 6/53: ATO2G56 - 599ed229-d1c2-44bb-bbdf-f449671742fb
2026-09-16 11:10:26,070 - INFO - Veículo 7/53: CRO7949 - 0af89992-2362-48fe-8573-b454666657c6
2026-09-16 11:10:42,007 - INFO - Veículo 8/53: CUI6H43 - f2f80fd8-0a51-47d2-96a8-eceec1030fba
2026-09-16 11:11:01,338 - INFO - Veículo 9/53: CUK6B39 - 6abf1387-22e8-48ca-853d-1eb4082193a0
2026-09-16 11:11:22,868 - INFO - Veículo 10/53: EVF2106 - 4111ad9a-e6b2-4fc2-bfff-93591203fa0b
2026-09-16 11:11:41,653 - INFO - Veículo 11/53: EZO3355 - 155815b2-a274-4ad3-a944-f1e335a25b41
2026-09-16 11:11:57,484 - INFO - Veículo 12/53: FCK9E14 - fe6bd34e-333a-487d-8de3-73288446ba66
2026-09-16 11:12:15,047 - INFO - Veículo 13/53: FFA8122 - 882b3313-b0ff-4301-8b77-6d3a15d26cb2
2026-09-16 11:12:31,237 - INFO - Veículo 14/53: FFK5C93 - aa0eacbf-79f8-4f0b-b91f-fd2684ad13ad
2026-09-16 11:12:49,027 - INFO - Veículo 15/53: FHT2E21 - 8f202fc0-2531-445b-bd05-72418f458b7a
2026-09-16 11:13:07,594 - INFO - Veículo 16/53: FMH4097 - 3e6cceab-b400-465f-a795-8f9a3515a931
2026-09-16 11:13:24,725 - INFO - Veículo 17/53: FNM5631 - eef5ccba-c3d2-49ad-a98e-77f1c9297d78
2026-09-16 11:13:41,995 - INFO - Veículo 18/53: FQE6790 - fd204fc1-8e56-4510-8c24-b7c2b009e9c1
2026-09-16 11:13:58,633 - INFO - Veículo 19/53: FTE9I31 - e34a5435-f9f0-42cd-bf67-3887fac75869
2026-09-16 11:14:17,878 - INFO - Veículo 20/53: FUV2G28 - 3aa8a3e5-cad4-4922-859f-ce6ff9ec825e
2026-09-16 11:14:34,415 - INFO - Veículo 21/53: GBC1J47 - 46799bd7-6d84-418e-8c6e-a16ed358958f
2026-09-16 11:14:50,604 - INFO - Veículo 22/53: GBU9F59 - f8f5b75e-5804-40af-9661-492408859626
2026-09-16 11:15:06,850 - INFO - Veículo 23/53: GCK8A94 - 3b3b1c14-eb9a-44c2-9f29-674a3922abb0
2026-09-16 11:15:23,824 - INFO - Veículo 24/53: GDA0370 - 511a36d9-5527-4bb6-bcdf-e5a3dce4fa4c
2026-09-16 11:15:39,276 - INFO - Veículo 25/53: GDB7D32 - aca5bb10-240d-46eb-9814-6c9362b64fd3
2026-09-16 11:15:55,460 - INFO - Veículo 26/53: GDC4050 - b7f9b0c9-604c-46d1-b33a-b419ea489475
2026-09-16 11:16:11,039 - INFO - Veículo 27/53: GEC0J17 - 10883429-559b-42bf-bdbb-b09cc2da787e
2026-09-16 11:16:26,395 - INFO - Veículo 28/53: GER2I80 - 8996ce7f-3ee1-492f-a734-04717ab82bff
2026-09-16 11:16:41,912 - INFO - Veículo 29/53: GFA6A57 - 5ecbe47d-220a-4360-83b0-3588284fa4cd
2026-09-16 11:16:58,260 - INFO - Veículo 30/53: GFI4742 - 539314d9-e7ad-4c83-a9ac-802579e98c0f
2026-09-16 11:17:16,300 - INFO - Veículo 31/53: GFZ4447 - a047d0d0-9fe8-434a-a09b-c58faf6e3595
2026-09-16 11:17:32,359 - INFO - Veículo 32/53: GHN2J53 - e945a9f6-6364-41ec-a95c-901ed62748cf
2026-09-16 11:17:49,284 - INFO - Veículo 33/53: GJB8C55 - 884b9d46-5d70-4c69-932c-3af619b94930
2026-09-16 11:18:05,241 - INFO - Veículo 34/53: GJX8175 - 4b64d35d-ffb5-484a-9738-50c361dfc366
2026-09-16 11:18:22,129 - INFO - Veículo 35/53: QAR3458 - d8b9b3bd-e6f0-4aed-aa80-45f7b3268cb0
2026-09-16 11:18:38,498 - INFO - Veículo 36/53: QAS7D37 - 5d14855e-5d8a-4bba-af98-6a06285004fa
2026-09-16 11:18:54,894 - INFO - Veículo 37/53: RWA0E95 - 7e44a0e0-6edb-426b-a400-afa8ed5eebd3
2026-09-16 11:19:11,505 - INFO - Veículo 38/53: RWA0E96 - e2abe474-71ec-4fb6-8711-7bc3b55ce04c
2026-09-16 11:19:29,483 - INFO - Veículo 39/53: STM6F35 - 2e79f650-435c-4434-ab5b-9ef28503c030
2026-09-16 11:19:48,966 - INFO - Veículo 40/53: SUC9E57 - 672f9794-ce15-4ddc-9f82-8d1606819390
2026-09-16 11:20:05,566 - INFO - Veículo 41/53: SUF5E03 - 69832af2-542b-4582-8989-e98a6c41e84b
2026-09-16 11:20:25,308 - INFO - Veículo 42/53: SUK5F93 - de8da453-decf-42d3-abe1-32083cf3c209
2026-09-16 11:20:42,233 - INFO - Veículo 43/53: SUU7F33 - 9c7834cf-3d03-4601-9221-f46623d2b430
2026-09-16 11:20:57,951 - INFO - Veículo 44/53: SWV8H38 - fa24235d-23c4-4042-a094-7dda6a8edbac
2026-09-16 11:21:14,961 - INFO - Veículo 45/53: SWX2I47 - 58915990-65e2-4d7c-a1ac-bdd224b6e2fd
2026-09-16 11:21:35,436 - INFO - Veículo 46/53: TKN3H06 - 082bf1d2-2339-4dcf-bcab-b4b67ed08264
2026-09-16 11:21:54,942 - INFO - Veículo 47/53: TLD8D72 - 951f47a4-2ad3-4212-b37d-e8ce122502ac
2026-09-16 11:22:11,104 - INFO - Veículo 48/53: TMG2A66 - ed038233-2e2f-4ce4-a0b1-9de1a0272c40
2026-09-16 11:22:28,903 - INFO - Veículo 49/53: TNS1J05 - 8bd13bb5-f18a-4378-8a64-29367921bda3
2026-09-16 11:22:45,180 - INFO - Veículo 50/53: UEM2D90 - 0eee6152-3e56-45f8-a2c2-844a7030d9aa
2026-09-16 11:23:03,498 - INFO - Veículo 51/53: UGB2A72 - 5152608f-c695-417a-a19a-f4b15567e76c
2026-09-16 11:23:20,491 - INFO - Veículo 52/53: UGX4B50 - 987f8d9b-7447-474b-9154-22893919a65f
2026-09-16 11:23:38,799 - INFO - Veículo 53/53: UGX5G66 - 88095978-b83d-4f72-a0ac-cc30fecc131e
2026-09-16 11:23:55,584 - INFO - Sincronização finalizada.
2026-09-16 11:23:55,588 - INFO - Veículos: 53
2026-09-16 11:23:55,591 - INFO - Percursos: 84
2026-09-16 11:23:55,593 - INFO - Ofensas: 0
2026-09-16 11:23:55,607 - INFO - Últimas posições: 48
2026-09-16 11:23:55,613 - INFO - Histórico posições: 3309
2026-09-16 12:56:46,471 - INFO - Iniciando sincronização Mobi7...
2026-09-16 12:56:46,693 - INFO - Importando veículos...
2026-09-16 12:56:53,995 - INFO - Veículos importados: 53
2026-09-16 12:56:54,010 - INFO - Veículo 1/53: 13001 - e99987eb-c239-4a84-be5b-fba29434aaae
2026-09-16 12:57:10,351 - INFO - Veículo 2/53: 13002 - 7d36c206-5365-41ec-9e41-768c8f322e98
2026-09-16 12:57:25,870 - INFO - Veículo 3/53: 13003 - f42041bd-3b7d-4c65-9520-71d75531c417
2026-09-16 12:57:41,839 - INFO - Veículo 4/53: 16H89628 - afe5df1b-c92c-4224-8e3f-7d5d2c227f03
2026-09-16 12:57:57,431 - INFO - Veículo 5/53: A-654995 - 8f7fb7a5-bd4d-49c5-8adf-faf7e0b0bd9e
2026-09-16 12:58:12,715 - INFO - Veículo 6/53: ATO2G56 - 599ed229-d1c2-44bb-bbdf-f449671742fb
2026-09-16 12:58:29,731 - INFO - Veículo 7/53: CRO7949 - 0af89992-2362-48fe-8573-b454666657c6
2026-09-16 12:58:45,120 - INFO - Veículo 8/53: CUI6H43 - f2f80fd8-0a51-47d2-96a8-eceec1030fba
2026-09-16 12:59:04,717 - INFO - Veículo 9/53: CUK6B39 - 6abf1387-22e8-48ca-853d-1eb4082193a0
2026-09-16 12:59:23,416 - INFO - Veículo 10/53: EVF2106 - 4111ad9a-e6b2-4fc2-bfff-93591203fa0b
2026-09-16 12:59:41,243 - INFO - Veículo 11/53: EZO3355 - 155815b2-a274-4ad3-a944-f1e335a25b41
2026-09-16 12:59:58,012 - INFO - Veículo 12/53: FCK9E14 - fe6bd34e-333a-487d-8de3-73288446ba66
2026-09-16 13:00:13,663 - INFO - Veículo 13/53: FFA8122 - 882b3313-b0ff-4301-8b77-6d3a15d26cb2
2026-09-16 13:00:29,542 - INFO - Veículo 14/53: FFK5C93 - aa0eacbf-79f8-4f0b-b91f-fd2684ad13ad
2026-09-16 13:00:47,073 - INFO - Veículo 15/53: FHT2E21 - 8f202fc0-2531-445b-bd05-72418f458b7a
2026-09-16 13:01:03,982 - INFO - Veículo 16/53: FMH4097 - 3e6cceab-b400-465f-a795-8f9a3515a931
2026-09-16 13:01:19,228 - INFO - Veículo 17/53: FNM5631 - eef5ccba-c3d2-49ad-a98e-77f1c9297d78
2026-09-16 13:01:35,338 - INFO - Veículo 18/53: FQE6790 - fd204fc1-8e56-4510-8c24-b7c2b009e9c1
2026-09-16 13:01:51,213 - INFO - Veículo 19/53: FTE9I31 - e34a5435-f9f0-42cd-bf67-3887fac75869
2026-09-16 13:02:10,655 - INFO - Veículo 20/53: FUV2G28 - 3aa8a3e5-cad4-4922-859f-ce6ff9ec825e
2026-09-16 13:02:26,075 - INFO - Veículo 21/53: GBC1J47 - 46799bd7-6d84-418e-8c6e-a16ed358958f
2026-09-16 13:02:41,446 - INFO - Veículo 22/53: GBU9F59 - f8f5b75e-5804-40af-9661-492408859626
2026-09-16 13:02:57,579 - INFO - Veículo 23/53: GCK8A94 - 3b3b1c14-eb9a-44c2-9f29-674a3922abb0
2026-09-16 13:03:15,026 - INFO - Veículo 24/53: GDA0370 - 511a36d9-5527-4bb6-bcdf-e5a3dce4fa4c
2026-09-16 13:03:30,097 - INFO - Veículo 25/53: GDB7D32 - aca5bb10-240d-46eb-9814-6c9362b64fd3
2026-09-16 13:03:47,565 - INFO - Veículo 26/53: GDC4050 - b7f9b0c9-604c-46d1-b33a-b419ea489475
2026-09-16 13:04:02,251 - INFO - Veículo 27/53: GEC0J17 - 10883429-559b-42bf-bdbb-b09cc2da787e
2026-09-16 13:04:17,720 - INFO - Veículo 28/53: GER2I80 - 8996ce7f-3ee1-492f-a734-04717ab82bff
2026-09-16 13:04:32,778 - INFO - Veículo 29/53: GFA6A57 - 5ecbe47d-220a-4360-83b0-3588284fa4cd
2026-09-16 13:04:48,106 - INFO - Veículo 30/53: GFI4742 - 539314d9-e7ad-4c83-a9ac-802579e98c0f
2026-09-16 13:05:06,095 - INFO - Veículo 31/53: GFZ4447 - a047d0d0-9fe8-434a-a09b-c58faf6e3595
2026-09-16 13:05:22,178 - INFO - Veículo 32/53: GHN2J53 - e945a9f6-6364-41ec-a95c-901ed62748cf
2026-09-16 13:05:37,955 - INFO - Veículo 33/53: GJB8C55 - 884b9d46-5d70-4c69-932c-3af619b94930
2026-09-16 13:05:53,181 - INFO - Veículo 34/53: GJX8175 - 4b64d35d-ffb5-484a-9738-50c361dfc366
2026-09-16 13:06:08,466 - INFO - Veículo 35/53: QAR3458 - d8b9b3bd-e6f0-4aed-aa80-45f7b3268cb0
2026-09-16 13:06:24,596 - INFO - Veículo 36/53: QAS7D37 - 5d14855e-5d8a-4bba-af98-6a06285004fa
2026-09-16 13:06:40,741 - INFO - Veículo 37/53: RWA0E95 - 7e44a0e0-6edb-426b-a400-afa8ed5eebd3
2026-09-16 13:06:57,693 - INFO - Veículo 38/53: RWA0E96 - e2abe474-71ec-4fb6-8711-7bc3b55ce04c
2026-09-16 13:07:16,761 - INFO - Veículo 39/53: STM6F35 - 2e79f650-435c-4434-ab5b-9ef28503c030
2026-09-16 13:07:33,729 - INFO - Veículo 40/53: SUC9E57 - 672f9794-ce15-4ddc-9f82-8d1606819390
2026-09-16 13:07:52,525 - INFO - Veículo 41/53: SUF5E03 - 69832af2-542b-4582-8989-e98a6c41e84b
2026-09-16 13:08:10,621 - INFO - Veículo 42/53: SUK5F93 - de8da453-decf-42d3-abe1-32083cf3c209
2026-09-16 13:08:27,903 - INFO - Veículo 43/53: SUU7F33 - 9c7834cf-3d03-4601-9221-f46623d2b430
2026-09-16 13:08:44,129 - INFO - Veículo 44/53: SWV8H38 - fa24235d-23c4-4042-a094-7dda6a8edbac
2026-09-16 13:09:02,250 - INFO - Veículo 45/53: SWX2I47 - 58915990-65e2-4d7c-a1ac-bdd224b6e2fd
2026-09-16 13:09:21,444 - INFO - Veículo 46/53: TKN3H06 - 082bf1d2-2339-4dcf-bcab-b4b67ed08264
2026-09-16 13:09:39,533 - INFO - Veículo 47/53: TLD8D72 - 951f47a4-2ad3-4212-b37d-e8ce122502ac
2026-09-16 13:09:57,134 - INFO - Veículo 48/53: TMG2A66 - ed038233-2e2f-4ce4-a0b1-9de1a0272c40
2026-09-16 13:10:15,249 - INFO - Veículo 49/53: TNS1J05 - 8bd13bb5-f18a-4378-8a64-29367921bda3
2026-09-16 13:10:30,779 - INFO - Veículo 50/53: UEM2D90 - 0eee6152-3e56-45f8-a2c2-844a7030d9aa
2026-09-16 13:10:49,988 - INFO - Veículo 51/53: UGB2A72 - 5152608f-c695-417a-a19a-f4b15567e76c
2026-09-16 13:11:07,187 - INFO - Veículo 52/53: UGX4B50 - 987f8d9b-7447-474b-9154-22893919a65f
2026-09-16 13:11:24,953 - INFO - Veículo 53/53: UGX5G66 - 88095978-b83d-4f72-a0ac-cc30fecc131e
2026-09-16 13:11:44,357 - INFO - Sincronização finalizada.
2026-09-16 13:11:44,359 - INFO - Veículos: 53
2026-09-16 13:11:44,361 - INFO - Percursos: 79
2026-09-16 13:11:44,363 - INFO - Ofensas: 0
2026-09-16 13:11:44,366 - INFO - Últimas posições: 48
2026-09-16 13:11:44,370 - INFO - Histórico posições: 3181
2026-09-16 13:20:40,599 - INFO - Iniciando sincronização Mobi7...
2026-09-16 13:20:40,807 - INFO - Importando veículos...
2026-09-16 13:20:43,583 - INFO - Veículos importados: 53
2026-09-16 13:20:43,602 - INFO - Veículo 1/53: 13001 - e99987eb-c239-4a84-be5b-fba29434aaae
2026-09-16 13:20:45,811 - INFO - Veículo 2/53: 13002 - 7d36c206-5365-41ec-9e41-768c8f322e98
2026-09-16 13:20:46,878 - INFO - Veículo 3/53: 13003 - f42041bd-3b7d-4c65-9520-71d75531c417
2026-09-16 13:20:47,898 - INFO - Veículo 4/53: 16H89628 - afe5df1b-c92c-4224-8e3f-7d5d2c227f03
2026-09-16 13:20:48,982 - INFO - Veículo 5/53: A-654995 - 8f7fb7a5-bd4d-49c5-8adf-faf7e0b0bd9e
2026-09-16 13:20:50,068 - INFO - Veículo 6/53: ATO2G56 - 599ed229-d1c2-44bb-bbdf-f449671742fb
2026-09-16 13:20:51,895 - INFO - Veículo 7/53: CRO7949 - 0af89992-2362-48fe-8573-b454666657c6
2026-09-16 13:20:53,217 - INFO - Veículo 8/53: CUI6H43 - f2f80fd8-0a51-47d2-96a8-eceec1030fba
2026-09-16 13:20:58,904 - INFO - Veículo 9/53: CUK6B39 - 6abf1387-22e8-48ca-853d-1eb4082193a0
2026-09-16 13:21:02,421 - INFO - Veículo 10/53: EVF2106 - 4111ad9a-e6b2-4fc2-bfff-93591203fa0b
2026-09-16 13:21:05,685 - INFO - Veículo 11/53: EZO3355 - 155815b2-a274-4ad3-a944-f1e335a25b41
2026-09-16 13:21:07,603 - INFO - Veículo 12/53: FCK9E14 - fe6bd34e-333a-487d-8de3-73288446ba66
2026-09-16 13:21:08,617 - INFO - Veículo 13/53: FFA8122 - 882b3313-b0ff-4301-8b77-6d3a15d26cb2
2026-09-16 13:21:09,966 - INFO - Veículo 14/53: FFK5C93 - aa0eacbf-79f8-4f0b-b91f-fd2684ad13ad
2026-09-16 13:21:12,367 - INFO - Veículo 15/53: FHT2E21 - 8f202fc0-2531-445b-bd05-72418f458b7a
2026-09-16 13:21:14,017 - INFO - Veículo 16/53: FMH4097 - 3e6cceab-b400-465f-a795-8f9a3515a931
2026-09-16 13:21:15,020 - INFO - Veículo 17/53: FNM5631 - eef5ccba-c3d2-49ad-a98e-77f1c9297d78
2026-09-16 13:21:16,350 - INFO - Veículo 18/53: FQE6790 - fd204fc1-8e56-4510-8c24-b7c2b009e9c1
2026-09-16 13:21:17,342 - INFO - Veículo 19/53: FTE9I31 - e34a5435-f9f0-42cd-bf67-3887fac75869
2026-09-16 13:21:21,611 - INFO - Veículo 20/53: FUV2G28 - 3aa8a3e5-cad4-4922-859f-ce6ff9ec825e
2026-09-16 13:21:22,958 - INFO - Veículo 21/53: GBC1J47 - 46799bd7-6d84-418e-8c6e-a16ed358958f
2026-09-16 13:21:24,155 - INFO - Veículo 22/53: GBU9F59 - f8f5b75e-5804-40af-9661-492408859626
2026-09-16 13:21:25,486 - INFO - Veículo 23/53: GCK8A94 - 3b3b1c14-eb9a-44c2-9f29-674a3922abb0
2026-09-16 13:21:26,899 - INFO - Veículo 24/53: GDA0370 - 511a36d9-5527-4bb6-bcdf-e5a3dce4fa4c
2026-09-16 13:21:27,953 - INFO - Veículo 25/53: GDB7D32 - aca5bb10-240d-46eb-9814-6c9362b64fd3
2026-09-16 13:21:30,219 - INFO - Veículo 26/53: GDC4050 - b7f9b0c9-604c-46d1-b33a-b419ea489475
2026-09-16 13:21:31,246 - INFO - Veículo 27/53: GEC0J17 - 10883429-559b-42bf-bdbb-b09cc2da787e
2026-09-16 13:21:32,889 - INFO - Veículo 28/53: GER2I80 - 8996ce7f-3ee1-492f-a734-04717ab82bff
2026-09-16 13:21:33,904 - INFO - Veículo 29/53: GFA6A57 - 5ecbe47d-220a-4360-83b0-3588284fa4cd
2026-09-16 13:21:34,953 - INFO - Veículo 30/53: GFI4742 - 539314d9-e7ad-4c83-a9ac-802579e98c0f
2026-09-16 13:21:38,691 - INFO - Veículo 31/53: GFZ4447 - a047d0d0-9fe8-434a-a09b-c58faf6e3595
2026-09-16 13:21:40,196 - INFO - Veículo 32/53: GHN2J53 - e945a9f6-6364-41ec-a95c-901ed62748cf
2026-09-16 13:21:41,548 - INFO - Veículo 33/53: GJB8C55 - 884b9d46-5d70-4c69-932c-3af619b94930
2026-09-16 13:21:42,726 - INFO - Veículo 34/53: GJX8175 - 4b64d35d-ffb5-484a-9738-50c361dfc366
2026-09-16 13:21:44,277 - INFO - Veículo 35/53: QAR3458 - d8b9b3bd-e6f0-4aed-aa80-45f7b3268cb0
2026-09-16 13:21:46,252 - INFO - Veículo 36/53: QAS7D37 - 5d14855e-5d8a-4bba-af98-6a06285004fa
2026-09-16 13:21:48,301 - INFO - Veículo 37/53: RWA0E95 - 7e44a0e0-6edb-426b-a400-afa8ed5eebd3
2026-09-16 13:21:51,935 - INFO - Veículo 38/53: RWA0E96 - e2abe474-71ec-4fb6-8711-7bc3b55ce04c
2026-09-16 13:21:55,337 - INFO - Veículo 39/53: STM6F35 - 2e79f650-435c-4434-ab5b-9ef28503c030
2026-09-16 13:21:57,530 - INFO - Veículo 40/53: SUC9E57 - 672f9794-ce15-4ddc-9f82-8d1606819390
2026-09-16 13:22:00,962 - INFO - Veículo 41/53: SUF5E03 - 69832af2-542b-4582-8989-e98a6c41e84b
2026-09-16 13:22:05,149 - INFO - Veículo 42/53: SUK5F93 - de8da453-decf-42d3-abe1-32083cf3c209
2026-09-16 13:22:06,776 - INFO - Veículo 43/53: SUU7F33 - 9c7834cf-3d03-4601-9221-f46623d2b430
2026-09-16 13:22:07,797 - INFO - Veículo 44/53: SWV8H38 - fa24235d-23c4-4042-a094-7dda6a8edbac
2026-09-16 13:22:10,993 - INFO - Veículo 45/53: SWX2I47 - 58915990-65e2-4d7c-a1ac-bdd224b6e2fd
2026-09-16 13:22:14,550 - INFO - Veículo 46/53: TKN3H06 - 082bf1d2-2339-4dcf-bcab-b4b67ed08264
2026-09-16 13:22:18,094 - INFO - Veículo 47/53: TLD8D72 - 951f47a4-2ad3-4212-b37d-e8ce122502ac
2026-09-16 13:22:20,891 - INFO - Veículo 48/53: TMG2A66 - ed038233-2e2f-4ce4-a0b1-9de1a0272c40
2026-09-16 13:22:24,598 - INFO - Veículo 49/53: TNS1J05 - 8bd13bb5-f18a-4378-8a64-29367921bda3
2026-09-16 13:22:25,793 - INFO - Veículo 50/53: UEM2D90 - 0eee6152-3e56-45f8-a2c2-844a7030d9aa
2026-09-16 13:22:29,443 - INFO - Veículo 51/53: UGB2A72 - 5152608f-c695-417a-a19a-f4b15567e76c
2026-09-16 13:22:32,255 - INFO - Veículo 52/53: UGX4B50 - 987f8d9b-7447-474b-9154-22893919a65f
2026-09-16 13:22:35,475 - INFO - Veículo 53/53: UGX5G66 - 88095978-b83d-4f72-a0ac-cc30fecc131e
2026-09-16 13:22:39,143 - INFO - Sincronização finalizada.
2026-09-16 13:22:39,146 - INFO - Veículos: 53
2026-09-16 13:22:39,148 - INFO - Percursos: 80
2026-09-16 13:22:39,150 - INFO - Ofensas: 0
2026-09-16 13:22:39,153 - INFO - Últimas posições: 48
2026-09-16 13:22:39,155 - INFO - Histórico posições: 3076
2026-09-16 13:48:28,859 - INFO - Iniciando sincronização Mobi7...
2026-09-16 13:48:29,063 - INFO - Importando veículos...
2026-09-16 13:48:31,686 - INFO - Veículos importados: 53
2026-09-16 13:48:31,703 - INFO - Veículo 1/53: 13001 - e99987eb-c239-4a84-be5b-fba29434aaae
2026-09-16 13:48:34,353 - INFO - Veículo 2/53: 13002 - 7d36c206-5365-41ec-9e41-768c8f322e98
2026-09-16 13:48:35,574 - INFO - Veículo 3/53: 13003 - f42041bd-3b7d-4c65-9520-71d75531c417
2026-09-16 13:48:36,630 - INFO - Veículo 4/53: 16H89628 - afe5df1b-c92c-4224-8e3f-7d5d2c227f03
2026-09-16 13:48:37,950 - INFO - Veículo 5/53: A-654995 - 8f7fb7a5-bd4d-49c5-8adf-faf7e0b0bd9e
2026-09-16 13:48:39,074 - INFO - Veículo 6/53: ATO2G56 - 599ed229-d1c2-44bb-bbdf-f449671742fb
2026-09-16 13:48:40,732 - INFO - Veículo 7/53: CRO7949 - 0af89992-2362-48fe-8573-b454666657c6
2026-09-16 13:48:42,065 - INFO - Veículo 8/53: CUI6H43 - f2f80fd8-0a51-47d2-96a8-eceec1030fba
2026-09-16 13:48:47,369 - INFO - Veículo 9/53: CUK6B39 - 6abf1387-22e8-48ca-853d-1eb4082193a0
2026-09-16 13:48:50,522 - INFO - Veículo 10/53: EVF2106 - 4111ad9a-e6b2-4fc2-bfff-93591203fa0b
2026-09-16 13:48:53,739 - INFO - Veículo 11/53: EZO3355 - 155815b2-a274-4ad3-a944-f1e335a25b41
2026-09-16 13:48:55,581 - INFO - Veículo 12/53: FCK9E14 - fe6bd34e-333a-487d-8de3-73288446ba66
2026-09-16 13:48:56,636 - INFO - Veículo 13/53: FFA8122 - 882b3313-b0ff-4301-8b77-6d3a15d26cb2
2026-09-16 13:48:58,023 - INFO - Veículo 14/53: FFK5C93 - aa0eacbf-79f8-4f0b-b91f-fd2684ad13ad
2026-09-16 13:49:00,062 - INFO - Veículo 15/53: FHT2E21 - 8f202fc0-2531-445b-bd05-72418f458b7a
2026-09-16 13:49:01,775 - INFO - Veículo 16/53: FMH4097 - 3e6cceab-b400-465f-a795-8f9a3515a931
2026-09-16 13:49:02,964 - INFO - Veículo 17/53: FNM5631 - eef5ccba-c3d2-49ad-a98e-77f1c9297d78
2026-09-16 13:49:04,259 - INFO - Veículo 18/53: FQE6790 - fd204fc1-8e56-4510-8c24-b7c2b009e9c1
2026-09-16 13:49:05,268 - INFO - Veículo 19/53: FTE9I31 - e34a5435-f9f0-42cd-bf67-3887fac75869
2026-09-16 13:49:09,929 - INFO - Veículo 20/53: FUV2G28 - 3aa8a3e5-cad4-4922-859f-ce6ff9ec825e
2026-09-16 13:49:11,025 - INFO - Veículo 21/53: GBC1J47 - 46799bd7-6d84-418e-8c6e-a16ed358958f
2026-09-16 13:49:12,334 - INFO - Veículo 22/53: GBU9F59 - f8f5b75e-5804-40af-9661-492408859626
2026-09-16 13:49:13,660 - INFO - Veículo 23/53: GCK8A94 - 3b3b1c14-eb9a-44c2-9f29-674a3922abb0
2026-09-16 13:49:15,121 - INFO - Veículo 24/53: GDA0370 - 511a36d9-5527-4bb6-bcdf-e5a3dce4fa4c
2026-09-16 13:49:16,319 - INFO - Veículo 25/53: GDB7D32 - aca5bb10-240d-46eb-9814-6c9362b64fd3
2026-09-16 13:49:18,796 - INFO - Veículo 26/53: GDC4050 - b7f9b0c9-604c-46d1-b33a-b419ea489475
2026-09-16 13:49:20,030 - INFO - Veículo 27/53: GEC0J17 - 10883429-559b-42bf-bdbb-b09cc2da787e
2026-09-16 13:49:21,860 - INFO - Veículo 28/53: GER2I80 - 8996ce7f-3ee1-492f-a734-04717ab82bff
2026-09-16 13:49:22,980 - INFO - Veículo 29/53: GFA6A57 - 5ecbe47d-220a-4360-83b0-3588284fa4cd
2026-09-16 13:49:24,194 - INFO - Veículo 30/53: GFI4742 - 539314d9-e7ad-4c83-a9ac-802579e98c0f
2026-09-16 13:49:27,859 - INFO - Veículo 31/53: GFZ4447 - a047d0d0-9fe8-434a-a09b-c58faf6e3595
2026-09-16 13:49:29,232 - INFO - Veículo 32/53: GHN2J53 - e945a9f6-6364-41ec-a95c-901ed62748cf
2026-09-16 13:49:31,074 - INFO - Veículo 33/53: GJB8C55 - 884b9d46-5d70-4c69-932c-3af619b94930
2026-09-16 13:49:32,116 - INFO - Veículo 34/53: GJX8175 - 4b64d35d-ffb5-484a-9738-50c361dfc366
2026-09-16 13:49:33,443 - INFO - Veículo 35/53: QAR3458 - d8b9b3bd-e6f0-4aed-aa80-45f7b3268cb0
2026-09-16 13:49:35,146 - INFO - Veículo 36/53: QAS7D37 - 5d14855e-5d8a-4bba-af98-6a06285004fa
2026-09-16 13:49:37,425 - INFO - Veículo 37/53: RWA0E95 - 7e44a0e0-6edb-426b-a400-afa8ed5eebd3
2026-09-16 13:49:40,385 - INFO - Veículo 38/53: RWA0E96 - e2abe474-71ec-4fb6-8711-7bc3b55ce04c
2026-09-16 13:49:44,066 - INFO - Veículo 39/53: STM6F35 - 2e79f650-435c-4434-ab5b-9ef28503c030
2026-09-16 13:49:46,219 - INFO - Veículo 40/53: SUC9E57 - 672f9794-ce15-4ddc-9f82-8d1606819390
2026-09-16 13:49:50,148 - INFO - Veículo 41/53: SUF5E03 - 69832af2-542b-4582-8989-e98a6c41e84b
2026-09-16 13:49:54,044 - INFO - Veículo 42/53: SUK5F93 - de8da453-decf-42d3-abe1-32083cf3c209
2026-09-16 13:49:55,668 - INFO - Veículo 43/53: SUU7F33 - 9c7834cf-3d03-4601-9221-f46623d2b430
2026-09-16 13:49:56,999 - INFO - Veículo 44/53: SWV8H38 - fa24235d-23c4-4042-a094-7dda6a8edbac
2026-09-16 13:50:00,293 - INFO - Veículo 45/53: SWX2I47 - 58915990-65e2-4d7c-a1ac-bdd224b6e2fd
2026-09-16 13:50:03,660 - INFO - Veículo 46/53: TKN3H06 - 082bf1d2-2339-4dcf-bcab-b4b67ed08264
2026-09-16 13:50:07,032 - INFO - Veículo 47/53: TLD8D72 - 951f47a4-2ad3-4212-b37d-e8ce122502ac
2026-09-16 13:50:09,753 - INFO - Veículo 48/53: TMG2A66 - ed038233-2e2f-4ce4-a0b1-9de1a0272c40
2026-09-16 13:50:13,919 - INFO - Veículo 49/53: TNS1J05 - 8bd13bb5-f18a-4378-8a64-29367921bda3
2026-09-16 13:50:15,094 - INFO - Veículo 50/53: UEM2D90 - 0eee6152-3e56-45f8-a2c2-844a7030d9aa
2026-09-16 13:50:18,356 - INFO - Veículo 51/53: UGB2A72 - 5152608f-c695-417a-a19a-f4b15567e76c
2026-09-16 13:50:20,973 - INFO - Veículo 52/53: UGX4B50 - 987f8d9b-7447-474b-9154-22893919a65f
2026-09-16 13:50:24,150 - INFO - Veículo 53/53: UGX5G66 - 88095978-b83d-4f72-a0ac-cc30fecc131e
2026-09-16 13:50:27,865 - INFO - Sincronização finalizada.
2026-09-16 13:50:27,868 - INFO - Veículos: 53
2026-09-16 13:50:27,870 - INFO - Percursos: 75
2026-09-16 13:50:27,872 - INFO - Ofensas: 0
2026-09-16 13:50:27,878 - INFO - Últimas posições: 48
2026-09-16 13:50:27,881 - INFO - Histórico posições: 3046
2026-09-16 15:37:17,909 - INFO - Iniciando sincronização Mobi7...
2026-09-16 15:37:18,126 - INFO - Importando veículos...
2026-09-16 15:37:24,818 - INFO - Veículos importados: 53
2026-09-16 15:37:24,834 - INFO - Veículo 1/53: 13001 - e99987eb-c239-4a84-be5b-fba29434aaae
2026-09-16 15:37:43,042 - INFO - Veículo 2/53: 13002 - 7d36c206-5365-41ec-9e41-768c8f322e98
2026-09-16 15:37:58,890 - INFO - Veículo 3/53: 13003 - f42041bd-3b7d-4c65-9520-71d75531c417
2026-09-16 15:38:15,435 - INFO - Veículo 4/53: 16H89628 - afe5df1b-c92c-4224-8e3f-7d5d2c227f03
2026-09-16 15:38:31,091 - INFO - Veículo 5/53: A-654995 - 8f7fb7a5-bd4d-49c5-8adf-faf7e0b0bd9e
2026-09-16 15:38:47,139 - INFO - Veículo 6/53: ATO2G56 - 599ed229-d1c2-44bb-bbdf-f449671742fb
2026-09-16 15:39:03,138 - INFO - Veículo 7/53: CRO7949 - 0af89992-2362-48fe-8573-b454666657c6
2026-09-16 15:39:24,599 - INFO - Veículo 8/53: CUI6H43 - f2f80fd8-0a51-47d2-96a8-eceec1030fba
2026-09-16 15:39:41,915 - INFO - Veículo 9/53: CUK6B39 - 6abf1387-22e8-48ca-853d-1eb4082193a0
2026-09-16 15:39:59,891 - INFO - Veículo 10/53: EVF2106 - 4111ad9a-e6b2-4fc2-bfff-93591203fa0b
2026-09-16 15:40:23,138 - INFO - Veículo 11/53: EZO3355 - 155815b2-a274-4ad3-a944-f1e335a25b41
2026-09-16 15:40:40,002 - INFO - Veículo 12/53: FCK9E14 - fe6bd34e-333a-487d-8de3-73288446ba66
2026-09-16 15:40:55,702 - INFO - Veículo 13/53: FFA8122 - 882b3313-b0ff-4301-8b77-6d3a15d26cb2
2026-09-16 15:41:11,768 - INFO - Veículo 14/53: FFK5C93 - aa0eacbf-79f8-4f0b-b91f-fd2684ad13ad
2026-09-16 15:41:28,726 - INFO - Veículo 15/53: FHT2E21 - 8f202fc0-2531-445b-bd05-72418f458b7a
2026-09-16 15:41:45,479 - INFO - Veículo 16/53: FMH4097 - 3e6cceab-b400-465f-a795-8f9a3515a931
2026-09-16 15:42:01,068 - INFO - Veículo 17/53: FNM5631 - eef5ccba-c3d2-49ad-a98e-77f1c9297d78
2026-09-16 15:42:17,295 - INFO - Veículo 18/53: FQE6790 - fd204fc1-8e56-4510-8c24-b7c2b009e9c1
2026-09-16 15:42:32,832 - INFO - Veículo 19/53: FTE9I31 - e34a5435-f9f0-42cd-bf67-3887fac75869
2026-09-16 15:42:52,560 - INFO - Veículo 20/53: FUV2G28 - 3aa8a3e5-cad4-4922-859f-ce6ff9ec825e
2026-09-16 15:43:08,187 - INFO - Veículo 21/53: GBC1J47 - 46799bd7-6d84-418e-8c6e-a16ed358958f
2026-09-16 15:43:23,882 - INFO - Veículo 22/53: GBU9F59 - f8f5b75e-5804-40af-9661-492408859626
2026-09-16 15:43:40,084 - INFO - Veículo 23/53: GCK8A94 - 3b3b1c14-eb9a-44c2-9f29-674a3922abb0
2026-09-16 15:43:56,281 - INFO - Veículo 24/53: GDA0370 - 511a36d9-5527-4bb6-bcdf-e5a3dce4fa4c
2026-09-16 15:44:12,187 - INFO - Veículo 25/53: GDB7D32 - aca5bb10-240d-46eb-9814-6c9362b64fd3
2026-09-16 15:44:29,085 - INFO - Veículo 26/53: GDC4050 - b7f9b0c9-604c-46d1-b33a-b419ea489475
2026-09-16 15:44:45,430 - INFO - Veículo 27/53: GEC0J17 - 10883429-559b-42bf-bdbb-b09cc2da787e
2026-09-16 15:45:01,371 - INFO - Veículo 28/53: GER2I80 - 8996ce7f-3ee1-492f-a734-04717ab82bff
2026-09-16 15:45:17,132 - INFO - Veículo 29/53: GFA6A57 - 5ecbe47d-220a-4360-83b0-3588284fa4cd
2026-09-16 15:45:33,286 - INFO - Veículo 30/53: GFI4742 - 539314d9-e7ad-4c83-a9ac-802579e98c0f
2026-09-16 15:45:50,682 - INFO - Veículo 31/53: GFZ4447 - a047d0d0-9fe8-434a-a09b-c58faf6e3595
2026-09-16 15:46:06,377 - INFO - Veículo 32/53: GHN2J53 - e945a9f6-6364-41ec-a95c-901ed62748cf
2026-09-16 15:46:22,960 - INFO - Veículo 33/53: GJB8C55 - 884b9d46-5d70-4c69-932c-3af619b94930
2026-09-16 15:46:38,540 - INFO - Veículo 34/53: GJX8175 - 4b64d35d-ffb5-484a-9738-50c361dfc366
2026-09-16 15:46:54,867 - INFO - Veículo 35/53: QAR3458 - d8b9b3bd-e6f0-4aed-aa80-45f7b3268cb0
2026-09-16 15:47:12,138 - INFO - Veículo 36/53: QAS7D37 - 5d14855e-5d8a-4bba-af98-6a06285004fa
2026-09-16 15:47:30,385 - INFO - Veículo 37/53: RWA0E95 - 7e44a0e0-6edb-426b-a400-afa8ed5eebd3
2026-09-16 15:47:50,503 - INFO - Veículo 38/53: RWA0E96 - e2abe474-71ec-4fb6-8711-7bc3b55ce04c
2026-09-16 15:48:08,350 - INFO - Veículo 39/53: STM6F35 - 2e79f650-435c-4434-ab5b-9ef28503c030
2026-09-16 15:48:28,272 - INFO - Veículo 40/53: SUC9E57 - 672f9794-ce15-4ddc-9f82-8d1606819390
2026-09-16 15:48:49,049 - INFO - Veículo 41/53: SUF5E03 - 69832af2-542b-4582-8989-e98a6c41e84b
2026-09-16 15:49:09,770 - INFO - Veículo 42/53: SUK5F93 - de8da453-decf-42d3-abe1-32083cf3c209
2026-09-16 15:49:26,432 - INFO - Veículo 43/53: SUU7F33 - 9c7834cf-3d03-4601-9221-f46623d2b430
2026-09-16 15:49:41,981 - INFO - Veículo 44/53: SWV8H38 - fa24235d-23c4-4042-a094-7dda6a8edbac
2026-09-16 15:49:59,014 - INFO - Veículo 45/53: SWX2I47 - 58915990-65e2-4d7c-a1ac-bdd224b6e2fd
2026-09-16 15:50:17,232 - INFO - Veículo 46/53: TKN3H06 - 082bf1d2-2339-4dcf-bcab-b4b67ed08264
2026-09-16 15:50:34,874 - INFO - Veículo 47/53: TLD8D72 - 951f47a4-2ad3-4212-b37d-e8ce122502ac
2026-09-16 15:50:52,779 - INFO - Veículo 48/53: TMG2A66 - ed038233-2e2f-4ce4-a0b1-9de1a0272c40
2026-09-16 15:51:12,079 - INFO - Veículo 49/53: TNS1J05 - 8bd13bb5-f18a-4378-8a64-29367921bda3
2026-09-16 15:51:27,594 - INFO - Veículo 50/53: UEM2D90 - 0eee6152-3e56-45f8-a2c2-844a7030d9aa
2026-09-16 15:51:47,516 - INFO - Veículo 51/53: UGB2A72 - 5152608f-c695-417a-a19a-f4b15567e76c
2026-09-16 15:52:05,004 - INFO - Veículo 52/53: UGX4B50 - 987f8d9b-7447-474b-9154-22893919a65f
2026-09-16 15:52:22,290 - INFO - Veículo 53/53: UGX5G66 - 88095978-b83d-4f72-a0ac-cc30fecc131e
2026-09-16 15:52:40,190 - INFO - Sincronização finalizada.
2026-09-16 15:52:40,192 - INFO - Veículos: 53
2026-09-16 15:52:40,195 - INFO - Percursos: 63
2026-09-16 15:52:40,196 - INFO - Ofensas: 30
2026-09-16 15:52:40,199 - INFO - Últimas posições: 48
2026-09-16 15:52:40,201 - INFO - Histórico posições: 2747
2026-09-16 16:32:38,709 - INFO - Iniciando sincronização Mobi7...
2026-09-16 16:32:38,921 - INFO - Importando veículos...
2026-09-16 16:32:42,187 - INFO - Veículos importados: 53
2026-09-16 16:32:42,207 - INFO - Veículo 1/53: 13001 - e99987eb-c239-4a84-be5b-fba29434aaae
2026-09-16 16:32:45,908 - INFO - Veículo 2/53: 13002 - 7d36c206-5365-41ec-9e41-768c8f322e98
2026-09-16 16:32:46,935 - INFO - Veículo 3/53: 13003 - f42041bd-3b7d-4c65-9520-71d75531c417
2026-09-16 16:32:47,892 - INFO - Veículo 4/53: 16H89628 - afe5df1b-c92c-4224-8e3f-7d5d2c227f03
2026-09-16 16:32:48,987 - INFO - Veículo 5/53: A-654995 - 8f7fb7a5-bd4d-49c5-8adf-faf7e0b0bd9e
2026-09-16 16:32:50,070 - INFO - Veículo 6/53: ATO2G56 - 599ed229-d1c2-44bb-bbdf-f449671742fb
2026-09-16 16:32:52,383 - INFO - Veículo 7/53: CRO7949 - 0af89992-2362-48fe-8573-b454666657c6
2026-09-16 16:32:54,634 - INFO - Veículo 8/53: CUI6H43 - f2f80fd8-0a51-47d2-96a8-eceec1030fba
2026-09-16 16:32:59,037 - INFO - Veículo 9/53: CUK6B39 - 6abf1387-22e8-48ca-853d-1eb4082193a0
2026-09-16 16:33:05,828 - INFO - Veículo 10/53: EVF2106 - 4111ad9a-e6b2-4fc2-bfff-93591203fa0b
2026-09-16 16:33:08,374 - INFO - Veículo 11/53: EZO3355 - 155815b2-a274-4ad3-a944-f1e335a25b41
2026-09-16 16:33:10,394 - INFO - Veículo 12/53: FCK9E14 - fe6bd34e-333a-487d-8de3-73288446ba66
2026-09-16 16:33:11,353 - INFO - Veículo 13/53: FFA8122 - 882b3313-b0ff-4301-8b77-6d3a15d26cb2
2026-09-16 16:33:12,673 - INFO - Veículo 14/53: FFK5C93 - aa0eacbf-79f8-4f0b-b91f-fd2684ad13ad
2026-09-16 16:33:15,063 - INFO - Veículo 15/53: FHT2E21 - 8f202fc0-2531-445b-bd05-72418f458b7a
2026-09-16 16:33:17,332 - INFO - Veículo 16/53: FMH4097 - 3e6cceab-b400-465f-a795-8f9a3515a931
2026-09-16 16:33:19,499 - INFO - Veículo 17/53: FNM5631 - eef5ccba-c3d2-49ad-a98e-77f1c9297d78
2026-09-16 16:33:20,801 - INFO - Veículo 18/53: FQE6790 - fd204fc1-8e56-4510-8c24-b7c2b009e9c1
2026-09-16 16:33:22,009 - INFO - Veículo 19/53: FTE9I31 - e34a5435-f9f0-42cd-bf67-3887fac75869
2026-09-16 16:33:26,383 - INFO - Veículo 20/53: FUV2G28 - 3aa8a3e5-cad4-4922-859f-ce6ff9ec825e
2026-09-16 16:33:27,480 - INFO - Veículo 21/53: GBC1J47 - 46799bd7-6d84-418e-8c6e-a16ed358958f
2026-09-16 16:33:28,426 - INFO - Veículo 22/53: GBU9F59 - f8f5b75e-5804-40af-9661-492408859626
2026-09-16 16:33:29,935 - INFO - Veículo 23/53: GCK8A94 - 3b3b1c14-eb9a-44c2-9f29-674a3922abb0
2026-09-16 16:33:31,182 - INFO - Veículo 24/53: GDA0370 - 511a36d9-5527-4bb6-bcdf-e5a3dce4fa4c
2026-09-16 16:33:32,198 - INFO - Veículo 25/53: GDB7D32 - aca5bb10-240d-46eb-9814-6c9362b64fd3
2026-09-16 16:33:34,405 - INFO - Veículo 26/53: GDC4050 - b7f9b0c9-604c-46d1-b33a-b419ea489475
2026-09-16 16:33:35,598 - INFO - Veículo 27/53: GEC0J17 - 10883429-559b-42bf-bdbb-b09cc2da787e
2026-09-16 16:33:37,354 - INFO - Veículo 28/53: GER2I80 - 8996ce7f-3ee1-492f-a734-04717ab82bff
2026-09-16 16:33:38,380 - INFO - Veículo 29/53: GFA6A57 - 5ecbe47d-220a-4360-83b0-3588284fa4cd
2026-09-16 16:33:39,453 - INFO - Veículo 30/53: GFI4742 - 539314d9-e7ad-4c83-a9ac-802579e98c0f
2026-09-16 16:33:41,638 - INFO - Veículo 31/53: GFZ4447 - a047d0d0-9fe8-434a-a09b-c58faf6e3595
2026-09-16 16:33:43,000 - INFO - Veículo 32/53: GHN2J53 - e945a9f6-6364-41ec-a95c-901ed62748cf
2026-09-16 16:33:44,377 - INFO - Veículo 33/53: GJB8C55 - 884b9d46-5d70-4c69-932c-3af619b94930
2026-09-16 16:33:45,406 - INFO - Veículo 34/53: GJX8175 - 4b64d35d-ffb5-484a-9738-50c361dfc366
2026-09-16 16:33:47,638 - INFO - Veículo 35/53: QAR3458 - d8b9b3bd-e6f0-4aed-aa80-45f7b3268cb0
2026-09-16 16:33:51,392 - INFO - Veículo 36/53: QAS7D37 - 5d14855e-5d8a-4bba-af98-6a06285004fa
2026-09-16 16:33:54,910 - INFO - Veículo 37/53: RWA0E95 - 7e44a0e0-6edb-426b-a400-afa8ed5eebd3
2026-09-16 16:33:59,716 - INFO - Veículo 38/53: RWA0E96 - e2abe474-71ec-4fb6-8711-7bc3b55ce04c
2026-09-16 16:34:03,049 - INFO - Veículo 39/53: STM6F35 - 2e79f650-435c-4434-ab5b-9ef28503c030
2026-09-16 16:34:07,157 - INFO - Veículo 40/53: SUC9E57 - 672f9794-ce15-4ddc-9f82-8d1606819390
2026-09-16 16:34:12,153 - INFO - Veículo 41/53: SUF5E03 - 69832af2-542b-4582-8989-e98a6c41e84b
2026-09-16 16:34:16,778 - INFO - Veículo 42/53: SUK5F93 - de8da453-decf-42d3-abe1-32083cf3c209
2026-09-16 16:34:18,048 - INFO - Veículo 43/53: SUU7F33 - 9c7834cf-3d03-4601-9221-f46623d2b430
2026-09-16 16:34:19,008 - INFO - Veículo 44/53: SWV8H38 - fa24235d-23c4-4042-a094-7dda6a8edbac
2026-09-16 16:34:21,181 - INFO - Veículo 45/53: SWX2I47 - 58915990-65e2-4d7c-a1ac-bdd224b6e2fd
2026-09-16 16:34:25,125 - INFO - Veículo 46/53: TKN3H06 - 082bf1d2-2339-4dcf-bcab-b4b67ed08264
2026-09-16 16:34:26,919 - INFO - Veículo 47/53: TLD8D72 - 951f47a4-2ad3-4212-b37d-e8ce122502ac
2026-09-16 16:34:29,675 - INFO - Veículo 48/53: TMG2A66 - ed038233-2e2f-4ce4-a0b1-9de1a0272c40
2026-09-16 16:34:33,676 - INFO - Veículo 49/53: TNS1J05 - 8bd13bb5-f18a-4378-8a64-29367921bda3
2026-09-16 16:34:34,796 - INFO - Veículo 50/53: UEM2D90 - 0eee6152-3e56-45f8-a2c2-844a7030d9aa
2026-09-16 16:34:39,391 - INFO - Veículo 51/53: UGB2A72 - 5152608f-c695-417a-a19a-f4b15567e76c
2026-09-16 16:34:41,453 - INFO - Veículo 52/53: UGX4B50 - 987f8d9b-7447-474b-9154-22893919a65f
2026-09-16 16:34:43,570 - INFO - Veículo 53/53: UGX5G66 - 88095978-b83d-4f72-a0ac-cc30fecc131e
2026-09-16 16:34:48,470 - INFO - Sincronização finalizada.
2026-09-16 16:34:48,472 - INFO - Veículos: 53
2026-09-16 16:34:48,474 - INFO - Percursos: 69
2026-09-16 16:34:48,475 - INFO - Ofensas: 11
2026-09-16 16:34:48,476 - INFO - Últimas posições: 48
2026-09-16 16:34:48,479 - INFO - Histórico posições: 2961
2026-09-16 16:41:16,178 - INFO - Iniciando sincronização Mobi7...
2026-09-16 16:41:16,400 - INFO - Importando veículos...
2026-09-16 16:41:22,757 - INFO - Veículos importados: 53
2026-09-16 16:41:22,775 - INFO - Veículo 1/53: 13001 - e99987eb-c239-4a84-be5b-fba29434aaae
2026-09-16 16:41:42,368 - INFO - Veículo 2/53: 13002 - 7d36c206-5365-41ec-9e41-768c8f322e98
2026-09-16 16:41:57,800 - INFO - Veículo 3/53: 13003 - f42041bd-3b7d-4c65-9520-71d75531c417
2026-09-16 16:42:13,876 - INFO - Veículo 4/53: 16H89628 - afe5df1b-c92c-4224-8e3f-7d5d2c227f03
2026-09-16 16:42:29,618 - INFO - Veículo 5/53: A-654995 - 8f7fb7a5-bd4d-49c5-8adf-faf7e0b0bd9e
2026-09-16 16:42:45,428 - INFO - Veículo 6/53: ATO2G56 - 599ed229-d1c2-44bb-bbdf-f449671742fb
2026-09-16 16:43:02,668 - INFO - Veículo 7/53: CRO7949 - 0af89992-2362-48fe-8573-b454666657c6
2026-09-16 16:43:19,510 - INFO - Veículo 8/53: CUI6H43 - f2f80fd8-0a51-47d2-96a8-eceec1030fba
2026-09-16 16:43:39,110 - INFO - Veículo 9/53: CUK6B39 - 6abf1387-22e8-48ca-853d-1eb4082193a0
2026-09-16 16:43:57,285 - INFO - Veículo 10/53: EVF2106 - 4111ad9a-e6b2-4fc2-bfff-93591203fa0b
2026-09-16 16:44:14,839 - INFO - Veículo 11/53: EZO3355 - 155815b2-a274-4ad3-a944-f1e335a25b41
2026-09-16 16:44:31,560 - INFO - Veículo 12/53: FCK9E14 - fe6bd34e-333a-487d-8de3-73288446ba66
2026-09-16 16:44:48,121 - INFO - Veículo 13/53: FFA8122 - 882b3313-b0ff-4301-8b77-6d3a15d26cb2
2026-09-16 16:45:03,964 - INFO - Veículo 14/53: FFK5C93 - aa0eacbf-79f8-4f0b-b91f-fd2684ad13ad
2026-09-16 16:45:20,964 - INFO - Veículo 15/53: FHT2E21 - 8f202fc0-2531-445b-bd05-72418f458b7a
2026-09-16 16:45:39,076 - INFO - Veículo 16/53: FMH4097 - 3e6cceab-b400-465f-a795-8f9a3515a931
2026-09-16 16:45:56,087 - INFO - Veículo 17/53: FNM5631 - eef5ccba-c3d2-49ad-a98e-77f1c9297d78
2026-09-16 16:46:12,432 - INFO - Veículo 18/53: FQE6790 - fd204fc1-8e56-4510-8c24-b7c2b009e9c1
2026-09-16 16:46:29,322 - INFO - Veículo 19/53: FTE9I31 - e34a5435-f9f0-42cd-bf67-3887fac75869
2026-09-16 16:46:48,713 - INFO - Veículo 20/53: FUV2G28 - 3aa8a3e5-cad4-4922-859f-ce6ff9ec825e
2026-09-16 16:47:04,559 - INFO - Veículo 21/53: GBC1J47 - 46799bd7-6d84-418e-8c6e-a16ed358958f
2026-09-16 16:47:20,119 - INFO - Veículo 22/53: GBU9F59 - f8f5b75e-5804-40af-9661-492408859626
2026-09-16 16:47:36,080 - INFO - Veículo 23/53: GCK8A94 - 3b3b1c14-eb9a-44c2-9f29-674a3922abb0
2026-09-16 16:47:52,547 - INFO - Veículo 24/53: GDA0370 - 511a36d9-5527-4bb6-bcdf-e5a3dce4fa4c
2026-09-16 16:48:07,691 - INFO - Veículo 25/53: GDB7D32 - aca5bb10-240d-46eb-9814-6c9362b64fd3
2026-09-16 16:48:24,893 - INFO - Veículo 26/53: GDC4050 - b7f9b0c9-604c-46d1-b33a-b419ea489475
2026-09-16 16:48:40,777 - INFO - Veículo 27/53: GEC0J17 - 10883429-559b-42bf-bdbb-b09cc2da787e
2026-09-16 16:48:57,489 - INFO - Veículo 28/53: GER2I80 - 8996ce7f-3ee1-492f-a734-04717ab82bff
2026-09-16 16:49:14,578 - INFO - Veículo 29/53: GFA6A57 - 5ecbe47d-220a-4360-83b0-3588284fa4cd
2026-09-16 16:49:30,283 - INFO - Veículo 30/53: GFI4742 - 539314d9-e7ad-4c83-a9ac-802579e98c0f
2026-09-16 16:49:47,024 - INFO - Veículo 31/53: GFZ4447 - a047d0d0-9fe8-434a-a09b-c58faf6e3595
2026-09-16 16:50:02,876 - INFO - Veículo 32/53: GHN2J53 - e945a9f6-6364-41ec-a95c-901ed62748cf
2026-09-16 16:50:18,944 - INFO - Veículo 33/53: GJB8C55 - 884b9d46-5d70-4c69-932c-3af619b94930
2026-09-16 16:50:34,057 - INFO - Veículo 34/53: GJX8175 - 4b64d35d-ffb5-484a-9738-50c361dfc366
2026-09-16 16:50:49,816 - INFO - Veículo 35/53: QAR3458 - d8b9b3bd-e6f0-4aed-aa80-45f7b3268cb0
2026-09-16 16:51:08,893 - INFO - Veículo 36/53: QAS7D37 - 5d14855e-5d8a-4bba-af98-6a06285004fa
2026-09-16 16:51:27,737 - INFO - Veículo 37/53: RWA0E95 - 7e44a0e0-6edb-426b-a400-afa8ed5eebd3
2026-09-16 16:51:46,769 - INFO - Veículo 38/53: RWA0E96 - e2abe474-71ec-4fb6-8711-7bc3b55ce04c
2026-09-16 16:52:04,320 - INFO - Veículo 39/53: STM6F35 - 2e79f650-435c-4434-ab5b-9ef28503c030
2026-09-16 16:52:22,912 - INFO - Veículo 40/53: SUC9E57 - 672f9794-ce15-4ddc-9f82-8d1606819390
2026-09-16 16:52:42,676 - INFO - Veículo 41/53: SUF5E03 - 69832af2-542b-4582-8989-e98a6c41e84b
2026-09-16 16:53:01,854 - INFO - Veículo 42/53: SUK5F93 - de8da453-decf-42d3-abe1-32083cf3c209
2026-09-16 16:53:17,441 - INFO - Veículo 43/53: SUU7F33 - 9c7834cf-3d03-4601-9221-f46623d2b430
2026-09-16 16:53:32,113 - INFO - Veículo 44/53: SWV8H38 - fa24235d-23c4-4042-a094-7dda6a8edbac
2026-09-16 16:53:48,548 - INFO - Veículo 45/53: SWX2I47 - 58915990-65e2-4d7c-a1ac-bdd224b6e2fd
2026-09-16 16:54:06,924 - INFO - Veículo 46/53: TKN3H06 - 082bf1d2-2339-4dcf-bcab-b4b67ed08264
2026-09-16 16:54:23,488 - INFO - Veículo 47/53: TLD8D72 - 951f47a4-2ad3-4212-b37d-e8ce122502ac
2026-09-16 16:54:40,158 - INFO - Veículo 48/53: TMG2A66 - ed038233-2e2f-4ce4-a0b1-9de1a0272c40
2026-09-16 16:54:58,775 - INFO - Veículo 49/53: TNS1J05 - 8bd13bb5-f18a-4378-8a64-29367921bda3
2026-09-16 16:55:15,057 - INFO - Veículo 50/53: UEM2D90 - 0eee6152-3e56-45f8-a2c2-844a7030d9aa
2026-09-16 16:55:34,081 - INFO - Veículo 51/53: UGB2A72 - 5152608f-c695-417a-a19a-f4b15567e76c
2026-09-16 16:55:50,697 - INFO - Veículo 52/53: UGX4B50 - 987f8d9b-7447-474b-9154-22893919a65f
2026-09-16 16:56:07,488 - INFO - Veículo 53/53: UGX5G66 - 88095978-b83d-4f72-a0ac-cc30fecc131e
2026-09-16 16:56:26,548 - INFO - Sincronização finalizada.
2026-09-16 16:56:26,551 - INFO - Veículos: 53
2026-09-16 16:56:26,556 - INFO - Percursos: 76
2026-09-16 16:56:26,562 - INFO - Ofensas: 9
2026-09-16 16:56:26,564 - INFO - Últimas posições: 48
2026-09-16 16:56:26,568 - INFO - Histórico posições: 3056
