2026-09-17 12:15:45,862 - INFO - Sistema iniciado.
2026-09-17 12:15:45,945 - INFO - PAGE_SIZE configurado: 100
2026-09-17 12:15:45,966 - INFO - Intervalo automático: 2 hora(s).
2026-09-17 12:15:56,149 - INFO - Iniciando sincronização Mobi7...
2026-09-17 12:15:56,513 - INFO - Importando veículos...
2026-09-17 12:16:03,150 - INFO - Veículos importados: 53
2026-09-17 12:16:03,179 - INFO - Veículo 1/53: 13001 - e99987eb-c239-4a84-be5b-fba29434aaae
2026-09-17 12:16:20,216 - INFO - Veículo 2/53: 13002 - 7d36c206-5365-41ec-9e41-768c8f322e98
2026-09-17 12:16:35,512 - INFO - Veículo 3/53: 13003 - f42041bd-3b7d-4c65-9520-71d75531c417
2026-09-17 12:16:50,843 - INFO - Veículo 4/53: 16H89628 - afe5df1b-c92c-4224-8e3f-7d5d2c227f03
2026-09-17 12:17:06,581 - INFO - Veículo 5/53: A-654995 - 8f7fb7a5-bd4d-49c5-8adf-faf7e0b0bd9e
2026-09-17 12:17:22,737 - INFO - Veículo 6/53: ATO2G56 - 599ed229-d1c2-44bb-bbdf-f449671742fb
2026-09-17 12:17:40,224 - INFO - Veículo 7/53: CRO7949 - 0af89992-2362-48fe-8573-b454666657c6
2026-09-17 12:17:56,665 - INFO - Veículo 8/53: CUI6H43 - f2f80fd8-0a51-47d2-96a8-eceec1030fba
2026-09-17 12:18:19,051 - INFO - Veículo 9/53: CUK6B39 - 6abf1387-22e8-48ca-853d-1eb4082193a0
2026-09-17 12:18:39,706 - INFO - Veículo 10/53: EVF2106 - 4111ad9a-e6b2-4fc2-bfff-93591203fa0b
2026-09-17 12:18:56,303 - INFO - Veículo 11/53: EZO3355 - 155815b2-a274-4ad3-a944-f1e335a25b41
2026-09-17 12:19:15,637 - INFO - Veículo 12/53: FCK9E14 - fe6bd34e-333a-487d-8de3-73288446ba66
2026-09-17 12:19:31,817 - INFO - Veículo 13/53: FFA8122 - 882b3313-b0ff-4301-8b77-6d3a15d26cb2
2026-09-17 12:19:47,614 - INFO - Veículo 14/53: FFK5C93 - aa0eacbf-79f8-4f0b-b91f-fd2684ad13ad
2026-09-17 12:20:06,745 - INFO - Veículo 15/53: FHT2E21 - 8f202fc0-2531-445b-bd05-72418f458b7a
2026-09-17 12:20:25,460 - INFO - Veículo 16/53: FMH4097 - 3e6cceab-b400-465f-a795-8f9a3515a931
2026-09-17 12:20:41,285 - INFO - Veículo 17/53: FNM5631 - eef5ccba-c3d2-49ad-a98e-77f1c9297d78
2026-09-17 12:21:00,582 - INFO - Veículo 18/53: FQE6790 - fd204fc1-8e56-4510-8c24-b7c2b009e9c1
2026-09-17 12:21:16,183 - INFO - Veículo 19/53: FTE9I31 - e34a5435-f9f0-42cd-bf67-3887fac75869
2026-09-17 12:21:36,081 - INFO - Veículo 20/53: FUV2G28 - 3aa8a3e5-cad4-4922-859f-ce6ff9ec825e
2026-09-17 12:21:53,420 - INFO - Veículo 21/53: GBC1J47 - 46799bd7-6d84-418e-8c6e-a16ed358958f
2026-09-17 12:22:09,205 - INFO - Veículo 22/53: GBU9F59 - f8f5b75e-5804-40af-9661-492408859626
2026-09-17 12:22:26,485 - INFO - Veículo 23/53: GCK8A94 - 3b3b1c14-eb9a-44c2-9f29-674a3922abb0
2026-09-17 12:22:42,610 - INFO - Veículo 24/53: GDA0370 - 511a36d9-5527-4bb6-bcdf-e5a3dce4fa4c
2026-09-17 12:22:58,188 - INFO - Veículo 25/53: GDB7D32 - aca5bb10-240d-46eb-9814-6c9362b64fd3
2026-09-17 12:23:16,151 - INFO - Veículo 26/53: GDC4050 - b7f9b0c9-604c-46d1-b33a-b419ea489475
2026-09-17 12:23:31,654 - INFO - Veículo 27/53: GEC0J17 - 10883429-559b-42bf-bdbb-b09cc2da787e
2026-09-17 12:23:50,309 - INFO - Veículo 28/53: GER2I80 - 8996ce7f-3ee1-492f-a734-04717ab82bff
2026-09-17 12:24:06,028 - INFO - Veículo 29/53: GFA6A57 - 5ecbe47d-220a-4360-83b0-3588284fa4cd
2026-09-17 12:24:21,140 - INFO - Veículo 30/53: GFI4742 - 539314d9-e7ad-4c83-a9ac-802579e98c0f
2026-09-17 12:24:40,915 - INFO - Veículo 31/53: GFZ4447 - a047d0d0-9fe8-434a-a09b-c58faf6e3595
2026-09-17 12:24:57,775 - INFO - Veículo 32/53: GHN2J53 - e945a9f6-6364-41ec-a95c-901ed62748cf
2026-09-17 12:25:15,397 - INFO - Veículo 33/53: GJB8C55 - 884b9d46-5d70-4c69-932c-3af619b94930
2026-09-17 12:25:30,832 - INFO - Veículo 34/53: GJX8175 - 4b64d35d-ffb5-484a-9738-50c361dfc366
2026-09-17 12:25:47,489 - INFO - Veículo 35/53: QAR3458 - d8b9b3bd-e6f0-4aed-aa80-45f7b3268cb0
2026-09-17 12:26:04,730 - INFO - Veículo 36/53: QAS7D37 - 5d14855e-5d8a-4bba-af98-6a06285004fa
2026-09-17 12:26:29,267 - INFO - Veículo 37/53: RWA0E95 - 7e44a0e0-6edb-426b-a400-afa8ed5eebd3
2026-09-17 12:26:46,547 - INFO - Veículo 38/53: RWA0E96 - e2abe474-71ec-4fb6-8711-7bc3b55ce04c
2026-09-17 12:27:05,504 - INFO - Veículo 39/53: STM6F35 - 2e79f650-435c-4434-ab5b-9ef28503c030
2026-09-17 12:27:24,815 - INFO - Veículo 40/53: SUC9E57 - 672f9794-ce15-4ddc-9f82-8d1606819390
2026-09-17 12:27:43,046 - INFO - Veículo 41/53: SUF5E03 - 69832af2-542b-4582-8989-e98a6c41e84b
2026-09-17 12:27:59,473 - INFO - Veículo 42/53: SUK5F93 - de8da453-decf-42d3-abe1-32083cf3c209
2026-09-17 12:28:15,346 - INFO - Veículo 43/53: SUU7F33 - 9c7834cf-3d03-4601-9221-f46623d2b430
2026-09-17 12:28:31,012 - INFO - Veículo 44/53: SWV8H38 - fa24235d-23c4-4042-a094-7dda6a8edbac
2026-09-17 12:28:46,812 - INFO - Veículo 45/53: SWX2I47 - 58915990-65e2-4d7c-a1ac-bdd224b6e2fd
2026-09-17 12:29:04,624 - INFO - Veículo 46/53: TKN3H06 - 082bf1d2-2339-4dcf-bcab-b4b67ed08264
2026-09-17 12:29:20,995 - INFO - Veículo 47/53: TLD8D72 - 951f47a4-2ad3-4212-b37d-e8ce122502ac
2026-09-17 12:29:37,447 - INFO - Veículo 48/53: TMG2A66 - ed038233-2e2f-4ce4-a0b1-9de1a0272c40
2026-09-17 12:29:54,982 - INFO - Veículo 49/53: TNS1J05 - 8bd13bb5-f18a-4378-8a64-29367921bda3
2026-09-17 12:30:11,533 - INFO - Veículo 50/53: UEM2D90 - 0eee6152-3e56-45f8-a2c2-844a7030d9aa
2026-09-17 12:30:28,018 - INFO - Veículo 51/53: UGB2A72 - 5152608f-c695-417a-a19a-f4b15567e76c
2026-09-17 12:30:47,231 - INFO - Veículo 52/53: UGX4B50 - 987f8d9b-7447-474b-9154-22893919a65f
2026-09-17 12:31:07,463 - INFO - Veículo 53/53: UGX5G66 - 88095978-b83d-4f72-a0ac-cc30fecc131e
2026-09-17 12:31:25,494 - INFO - Sincronização finalizada.
2026-09-17 12:31:25,497 - INFO - Veículos: 53
2026-09-17 12:31:25,499 - INFO - Percursos: 73
2026-09-17 12:31:25,501 - INFO - Ofensas: 146
2026-09-17 12:31:25,502 - INFO - Últimas posições: 48
2026-09-17 12:31:25,504 - INFO - Histórico posições: 3244
2026-09-17 14:31:27,413 - INFO - Iniciando sincronização Mobi7...
2026-09-17 14:31:27,645 - INFO - Importando veículos...
2026-09-17 14:31:34,221 - INFO - Veículos importados: 53
2026-09-17 14:31:34,239 - INFO - Veículo 1/53: 13001 - e99987eb-c239-4a84-be5b-fba29434aaae
2026-09-17 14:31:51,573 - INFO - Veículo 2/53: 13002 - 7d36c206-5365-41ec-9e41-768c8f322e98
2026-09-17 14:32:06,439 - INFO - Veículo 3/53: 13003 - f42041bd-3b7d-4c65-9520-71d75531c417
2026-09-17 14:32:22,084 - INFO - Veículo 4/53: 16H89628 - afe5df1b-c92c-4224-8e3f-7d5d2c227f03
2026-09-17 14:32:36,862 - INFO - Veículo 5/53: A-654995 - 8f7fb7a5-bd4d-49c5-8adf-faf7e0b0bd9e
2026-09-17 14:32:51,584 - INFO - Veículo 6/53: ATO2G56 - 599ed229-d1c2-44bb-bbdf-f449671742fb
2026-09-17 14:33:06,881 - INFO - Veículo 7/53: CRO7949 - 0af89992-2362-48fe-8573-b454666657c6
2026-09-17 14:33:22,849 - INFO - Veículo 8/53: CUI6H43 - f2f80fd8-0a51-47d2-96a8-eceec1030fba
2026-09-17 14:33:44,060 - INFO - Veículo 9/53: CUK6B39 - 6abf1387-22e8-48ca-853d-1eb4082193a0
2026-09-17 14:34:01,728 - INFO - Veículo 10/53: EVF2106 - 4111ad9a-e6b2-4fc2-bfff-93591203fa0b
2026-09-17 14:34:17,350 - INFO - Veículo 11/53: EZO3355 - 155815b2-a274-4ad3-a944-f1e335a25b41
2026-09-17 14:34:36,104 - INFO - Veículo 12/53: FCK9E14 - fe6bd34e-333a-487d-8de3-73288446ba66
2026-09-17 14:34:51,318 - INFO - Veículo 13/53: FFA8122 - 882b3313-b0ff-4301-8b77-6d3a15d26cb2
2026-09-17 14:35:06,604 - INFO - Veículo 14/53: FFK5C93 - aa0eacbf-79f8-4f0b-b91f-fd2684ad13ad
2026-09-17 14:35:25,217 - INFO - Veículo 15/53: FHT2E21 - 8f202fc0-2531-445b-bd05-72418f458b7a
2026-09-17 14:35:42,473 - INFO - Veículo 16/53: FMH4097 - 3e6cceab-b400-465f-a795-8f9a3515a931
2026-09-17 14:35:58,726 - INFO - Veículo 17/53: FNM5631 - eef5ccba-c3d2-49ad-a98e-77f1c9297d78
2026-09-17 14:36:15,535 - INFO - Veículo 18/53: FQE6790 - fd204fc1-8e56-4510-8c24-b7c2b009e9c1
2026-09-17 14:36:31,242 - INFO - Veículo 19/53: FTE9I31 - e34a5435-f9f0-42cd-bf67-3887fac75869
2026-09-17 14:36:50,503 - INFO - Veículo 20/53: FUV2G28 - 3aa8a3e5-cad4-4922-859f-ce6ff9ec825e
2026-09-17 14:37:06,388 - INFO - Veículo 21/53: GBC1J47 - 46799bd7-6d84-418e-8c6e-a16ed358958f
2026-09-17 14:37:22,759 - INFO - Veículo 22/53: GBU9F59 - f8f5b75e-5804-40af-9661-492408859626
2026-09-17 14:37:38,945 - INFO - Veículo 23/53: GCK8A94 - 3b3b1c14-eb9a-44c2-9f29-674a3922abb0
2026-09-17 14:37:55,566 - INFO - Veículo 24/53: GDA0370 - 511a36d9-5527-4bb6-bcdf-e5a3dce4fa4c
2026-09-17 14:38:12,287 - INFO - Veículo 25/53: GDB7D32 - aca5bb10-240d-46eb-9814-6c9362b64fd3
2026-09-17 14:38:30,313 - INFO - Veículo 26/53: GDC4050 - b7f9b0c9-604c-46d1-b33a-b419ea489475
2026-09-17 14:38:46,303 - INFO - Veículo 27/53: GEC0J17 - 10883429-559b-42bf-bdbb-b09cc2da787e
2026-09-17 14:39:04,123 - INFO - Veículo 28/53: GER2I80 - 8996ce7f-3ee1-492f-a734-04717ab82bff
2026-09-17 14:39:19,770 - INFO - Veículo 29/53: GFA6A57 - 5ecbe47d-220a-4360-83b0-3588284fa4cd
2026-09-17 14:39:36,416 - INFO - Veículo 30/53: GFI4742 - 539314d9-e7ad-4c83-a9ac-802579e98c0f
2026-09-17 14:39:54,891 - INFO - Veículo 31/53: GFZ4447 - a047d0d0-9fe8-434a-a09b-c58faf6e3595
2026-09-17 14:40:11,531 - INFO - Veículo 32/53: GHN2J53 - e945a9f6-6364-41ec-a95c-901ed62748cf
2026-09-17 14:40:26,603 - INFO - Veículo 33/53: GJB8C55 - 884b9d46-5d70-4c69-932c-3af619b94930
2026-09-17 14:40:41,333 - INFO - Veículo 34/53: GJX8175 - 4b64d35d-ffb5-484a-9738-50c361dfc366
2026-09-17 14:40:57,416 - INFO - Veículo 35/53: QAR3458 - d8b9b3bd-e6f0-4aed-aa80-45f7b3268cb0
2026-09-17 14:41:15,782 - INFO - Veículo 36/53: QAS7D37 - 5d14855e-5d8a-4bba-af98-6a06285004fa
2026-09-17 14:41:35,822 - INFO - Veículo 37/53: RWA0E95 - 7e44a0e0-6edb-426b-a400-afa8ed5eebd3
2026-09-17 14:41:52,921 - INFO - Veículo 38/53: RWA0E96 - e2abe474-71ec-4fb6-8711-7bc3b55ce04c
2026-09-17 14:42:11,410 - INFO - Veículo 39/53: STM6F35 - 2e79f650-435c-4434-ab5b-9ef28503c030
2026-09-17 14:42:28,351 - INFO - Veículo 40/53: SUC9E57 - 672f9794-ce15-4ddc-9f82-8d1606819390
2026-09-17 14:42:44,703 - INFO - Veículo 41/53: SUF5E03 - 69832af2-542b-4582-8989-e98a6c41e84b
2026-09-17 14:43:02,878 - INFO - Veículo 42/53: SUK5F93 - de8da453-decf-42d3-abe1-32083cf3c209
2026-09-17 14:43:18,579 - INFO - Veículo 43/53: SUU7F33 - 9c7834cf-3d03-4601-9221-f46623d2b430
2026-09-17 14:43:34,119 - INFO - Veículo 44/53: SWV8H38 - fa24235d-23c4-4042-a094-7dda6a8edbac
2026-09-17 14:43:51,483 - INFO - Veículo 45/53: SWX2I47 - 58915990-65e2-4d7c-a1ac-bdd224b6e2fd
2026-09-17 14:44:09,850 - INFO - Veículo 46/53: TKN3H06 - 082bf1d2-2339-4dcf-bcab-b4b67ed08264
2026-09-17 14:44:26,640 - INFO - Veículo 47/53: TLD8D72 - 951f47a4-2ad3-4212-b37d-e8ce122502ac
2026-09-17 14:44:43,900 - INFO - Veículo 48/53: TMG2A66 - ed038233-2e2f-4ce4-a0b1-9de1a0272c40
2026-09-17 14:45:02,461 - INFO - Veículo 49/53: TNS1J05 - 8bd13bb5-f18a-4378-8a64-29367921bda3
2026-09-17 14:45:18,127 - INFO - Veículo 50/53: UEM2D90 - 0eee6152-3e56-45f8-a2c2-844a7030d9aa
2026-09-17 14:45:32,814 - INFO - Veículo 51/53: UGB2A72 - 5152608f-c695-417a-a19a-f4b15567e76c
2026-09-17 14:45:48,659 - INFO - Veículo 52/53: UGX4B50 - 987f8d9b-7447-474b-9154-22893919a65f
2026-09-17 14:46:04,747 - INFO - Veículo 53/53: UGX5G66 - 88095978-b83d-4f72-a0ac-cc30fecc131e
2026-09-17 14:46:20,682 - INFO - Sincronização finalizada.
2026-09-17 14:46:20,684 - INFO - Veículos: 53
2026-09-17 14:46:20,686 - INFO - Percursos: 64
2026-09-17 14:46:20,690 - INFO - Ofensas: 96
2026-09-17 14:46:20,694 - INFO - Últimas posições: 48
2026-09-17 14:46:20,699 - INFO - Histórico posições: 3165
2026-09-17 15:27:06,957 - INFO - Iniciando sincronização Mobi7...
2026-09-17 15:27:07,171 - INFO - Importando veículos...
2026-09-17 15:27:10,237 - INFO - Veículos importados: 53
2026-09-17 15:27:10,253 - INFO - Veículo 1/53: 13001 - e99987eb-c239-4a84-be5b-fba29434aaae
2026-09-17 15:27:14,101 - INFO - Veículo 2/53: 13002 - 7d36c206-5365-41ec-9e41-768c8f322e98
2026-09-17 15:27:15,591 - INFO - Veículo 3/53: 13003 - f42041bd-3b7d-4c65-9520-71d75531c417
2026-09-17 15:27:16,884 - INFO - Veículo 4/53: 16H89628 - afe5df1b-c92c-4224-8e3f-7d5d2c227f03
2026-09-17 15:27:18,237 - INFO - Veículo 5/53: A-654995 - 8f7fb7a5-bd4d-49c5-8adf-faf7e0b0bd9e
2026-09-17 15:27:19,384 - INFO - Veículo 6/53: ATO2G56 - 599ed229-d1c2-44bb-bbdf-f449671742fb
2026-09-17 15:27:20,976 - INFO - Veículo 7/53: CRO7949 - 0af89992-2362-48fe-8573-b454666657c6
2026-09-17 15:27:23,312 - INFO - Veículo 8/53: CUI6H43 - f2f80fd8-0a51-47d2-96a8-eceec1030fba
2026-09-17 15:27:29,664 - INFO - Veículo 9/53: CUK6B39 - 6abf1387-22e8-48ca-853d-1eb4082193a0
2026-09-17 15:27:33,385 - INFO - Veículo 10/53: EVF2106 - 4111ad9a-e6b2-4fc2-bfff-93591203fa0b
2026-09-17 15:27:35,694 - INFO - Veículo 11/53: EZO3355 - 155815b2-a274-4ad3-a944-f1e335a25b41
2026-09-17 15:27:39,747 - INFO - Veículo 12/53: FCK9E14 - fe6bd34e-333a-487d-8de3-73288446ba66
2026-09-17 15:27:40,758 - INFO - Veículo 13/53: FFA8122 - 882b3313-b0ff-4301-8b77-6d3a15d26cb2
2026-09-17 15:27:42,101 - INFO - Veículo 14/53: FFK5C93 - aa0eacbf-79f8-4f0b-b91f-fd2684ad13ad
2026-09-17 15:27:46,550 - INFO - Veículo 15/53: FHT2E21 - 8f202fc0-2531-445b-bd05-72418f458b7a
2026-09-17 15:27:49,492 - INFO - Veículo 16/53: FMH4097 - 3e6cceab-b400-465f-a795-8f9a3515a931
2026-09-17 15:27:50,956 - INFO - Veículo 17/53: FNM5631 - eef5ccba-c3d2-49ad-a98e-77f1c9297d78
2026-09-17 15:27:52,718 - INFO - Veículo 18/53: FQE6790 - fd204fc1-8e56-4510-8c24-b7c2b009e9c1
2026-09-17 15:27:54,027 - INFO - Veículo 19/53: FTE9I31 - e34a5435-f9f0-42cd-bf67-3887fac75869
2026-09-17 15:27:59,594 - INFO - Veículo 20/53: FUV2G28 - 3aa8a3e5-cad4-4922-859f-ce6ff9ec825e
2026-09-17 15:28:00,988 - INFO - Veículo 21/53: GBC1J47 - 46799bd7-6d84-418e-8c6e-a16ed358958f
2026-09-17 15:28:02,080 - INFO - Veículo 22/53: GBU9F59 - f8f5b75e-5804-40af-9661-492408859626
2026-09-17 15:28:04,277 - INFO - Veículo 23/53: GCK8A94 - 3b3b1c14-eb9a-44c2-9f29-674a3922abb0
2026-09-17 15:28:05,905 - INFO - Veículo 24/53: GDA0370 - 511a36d9-5527-4bb6-bcdf-e5a3dce4fa4c
2026-09-17 15:28:06,964 - INFO - Veículo 25/53: GDB7D32 - aca5bb10-240d-46eb-9814-6c9362b64fd3
2026-09-17 15:28:10,843 - INFO - Veículo 26/53: GDC4050 - b7f9b0c9-604c-46d1-b33a-b419ea489475
2026-09-17 15:28:11,896 - INFO - Veículo 27/53: GEC0J17 - 10883429-559b-42bf-bdbb-b09cc2da787e
2026-09-17 15:28:14,601 - INFO - Veículo 28/53: GER2I80 - 8996ce7f-3ee1-492f-a734-04717ab82bff
2026-09-17 15:28:15,638 - INFO - Veículo 29/53: GFA6A57 - 5ecbe47d-220a-4360-83b0-3588284fa4cd
2026-09-17 15:28:16,860 - INFO - Veículo 30/53: GFI4742 - 539314d9-e7ad-4c83-a9ac-802579e98c0f
2026-09-17 15:28:20,515 - INFO - Veículo 31/53: GFZ4447 - a047d0d0-9fe8-434a-a09b-c58faf6e3595
2026-09-17 15:28:22,785 - INFO - Veículo 32/53: GHN2J53 - e945a9f6-6364-41ec-a95c-901ed62748cf
2026-09-17 15:28:24,281 - INFO - Veículo 33/53: GJB8C55 - 884b9d46-5d70-4c69-932c-3af619b94930
2026-09-17 15:28:25,198 - INFO - Veículo 34/53: GJX8175 - 4b64d35d-ffb5-484a-9738-50c361dfc366
2026-09-17 15:28:26,824 - INFO - Veículo 35/53: QAR3458 - d8b9b3bd-e6f0-4aed-aa80-45f7b3268cb0
2026-09-17 15:28:29,484 - INFO - Veículo 36/53: QAS7D37 - 5d14855e-5d8a-4bba-af98-6a06285004fa
2026-09-17 15:28:35,614 - INFO - Veículo 37/53: RWA0E95 - 7e44a0e0-6edb-426b-a400-afa8ed5eebd3
2026-09-17 15:28:37,912 - INFO - Veículo 38/53: RWA0E96 - e2abe474-71ec-4fb6-8711-7bc3b55ce04c
2026-09-17 15:28:42,890 - INFO - Veículo 39/53: STM6F35 - 2e79f650-435c-4434-ab5b-9ef28503c030
2026-09-17 15:28:45,598 - INFO - Veículo 40/53: SUC9E57 - 672f9794-ce15-4ddc-9f82-8d1606819390
2026-09-17 15:28:48,083 - INFO - Veículo 41/53: SUF5E03 - 69832af2-542b-4582-8989-e98a6c41e84b
2026-09-17 15:28:52,064 - INFO - Veículo 42/53: SUK5F93 - de8da453-decf-42d3-abe1-32083cf3c209
2026-09-17 15:28:55,458 - INFO - Veículo 43/53: SUU7F33 - 9c7834cf-3d03-4601-9221-f46623d2b430
2026-09-17 15:28:56,858 - INFO - Veículo 44/53: SWV8H38 - fa24235d-23c4-4042-a094-7dda6a8edbac
2026-09-17 15:29:00,815 - INFO - Veículo 45/53: SWX2I47 - 58915990-65e2-4d7c-a1ac-bdd224b6e2fd
2026-09-17 15:29:05,609 - INFO - Veículo 46/53: TKN3H06 - 082bf1d2-2339-4dcf-bcab-b4b67ed08264
2026-09-17 15:29:08,701 - INFO - Veículo 47/53: TLD8D72 - 951f47a4-2ad3-4212-b37d-e8ce122502ac
2026-09-17 15:29:11,573 - INFO - Veículo 48/53: TMG2A66 - ed038233-2e2f-4ce4-a0b1-9de1a0272c40
2026-09-17 15:29:16,124 - INFO - Veículo 49/53: TNS1J05 - 8bd13bb5-f18a-4378-8a64-29367921bda3
2026-09-17 15:29:17,312 - INFO - Veículo 50/53: UEM2D90 - 0eee6152-3e56-45f8-a2c2-844a7030d9aa
2026-09-17 15:29:18,464 - INFO - Veículo 51/53: UGB2A72 - 5152608f-c695-417a-a19a-f4b15567e76c
2026-09-17 15:29:22,688 - INFO - Veículo 52/53: UGX4B50 - 987f8d9b-7447-474b-9154-22893919a65f
2026-09-17 15:29:23,859 - INFO - Veículo 53/53: UGX5G66 - 88095978-b83d-4f72-a0ac-cc30fecc131e
2026-09-17 15:29:27,248 - INFO - Sincronização finalizada.
2026-09-17 15:29:27,250 - INFO - Veículos: 53
2026-09-17 15:29:27,253 - INFO - Percursos: 75
2026-09-17 15:29:27,255 - INFO - Ofensas: 82
2026-09-17 15:29:27,259 - INFO - Últimas posições: 48
2026-09-17 15:29:27,261 - INFO - Histórico posições: 3216
